
> sgp-modernization-source@0.1.0 db:alignment:check
> node scripts/check-db-alignment.mjs --json

{
  "phase": "full_closure",
  "ok": true,
  "findings": [
    {
      "level": "ok",
      "message": "Matrix status/phase enums are valid."
    },
    {
      "level": "ok",
      "message": "Matrix has unique legacy_object entries."
    },
    {
      "level": "ok",
      "message": "Phase \"full_closure\" has 150 objects."
    },
    {
      "level": "ok",
      "message": "All 150 objects in full_closure are implemented/canonicalized."
    },
    {
      "level": "ok",
      "message": "All full_closure objects have canonical runtime targets."
    },
    {
      "level": "ok",
      "message": "Matrix closure complete: deferred=0."
    },
    {
      "level": "ok",
      "message": "In-scope explicit exclusions are zero."
    },
    {
      "level": "ok",
      "message": "All implemented/canonicalized objects have canonical runtime targets."
    },
    {
      "level": "ok",
      "message": "Approved out-of-scope exclusions are valid."
    },
    {
      "level": "ok",
      "message": "Derived 90 forbidden runtime public.* references from matrix."
    },
    {
      "level": "ok",
      "message": "Prisma schema does not contain retired notification_counter model."
    },
    {
      "level": "ok",
      "message": "RLS policy file has no notification_counter policy references."
    },
    {
      "level": "ok",
      "message": "Auth JWT service enforces JWT tenant claims."
    },
    {
      "level": "ok",
      "message": "Database service sets tenant session context for every query."
    },
    {
      "level": "ok",
      "message": "RLS helper SQL includes tenant-aware helper functions."
    },
    {
      "level": "ok",
      "message": "RLS policies enforce tenant match predicates."
    },
    {
      "level": "ok",
      "message": "Portal projections include tenant-aware columns and indexes."
    },
    {
      "level": "ok",
      "message": "Portal/public runtime queries scope projection reads by tenant."
    },
    {
      "level": "ok",
      "message": "Tenant coverage is declared for 132 scoped tables."
    },
    {
      "level": "ok",
      "message": "No forbidden runtime public.* references for moved hr/payroll tables."
    }
  ]
}
