
> sgp-modernization-source@0.1.0 db:smoke
> node scripts/db-bootstrap-smoke.mjs

[db-smoke] running prisma migrations
Loaded Prisma config from prisma.config.ts.

Prisma schema loaded from prisma/schema.prisma.
Datasource "db": PostgreSQL database "pecam-test", schemas "hr, payroll, portal, public" at "localhost:5432"

17 migrations found in prisma/migrations


No pending migrations to apply.
Loaded Prisma config from prisma.config.ts.

Script executed successfully.
[db-smoke] ensured smoke roles exist
Loaded Prisma config from prisma.config.ts.

Script executed successfully.
[db-smoke] applied 00-extensions.sql
Loaded Prisma config from prisma.config.ts.

Script executed successfully.
[db-smoke] applied 01-audit.sql
Loaded Prisma config from prisma.config.ts.

Script executed successfully.
[db-smoke] applied 10-auth.sql
Loaded Prisma config from prisma.config.ts.

Script executed successfully.
[db-smoke] applied 11-rls-context.sql
Loaded Prisma config from prisma.config.ts.

Script executed successfully.
[db-smoke] applied 12-rls-policies.sql
Loaded Prisma config from prisma.config.ts.

Script executed successfully.
[db-smoke] applied 20-sgp-core.sql
Loaded Prisma config from prisma.config.ts.

Script executed successfully.
[db-smoke] applied 25-payroll-formula-engine.sql
Loaded Prisma config from prisma.config.ts.

Script executed successfully.
[db-smoke] applied 30-integrity-checks.sql
Loaded Prisma config from prisma.config.ts.

Script executed successfully.
[db-smoke] applied 50-gestao-master-data-seed.sql
[db-smoke] running deterministic seed

> backend@0.0.1 db:seed
> node prisma/seed.mjs

Loaded Prisma config from prisma.config.ts.

Script executed successfully.
[db-smoke] validated schema split, tenant coverage, RLS, and portal read-only privileges
[db-smoke] PASSED
