
> sgp-modernization-source@0.1.0 test:qa
> npm run test:qa:api && npm run test:qa:frontend


> sgp-modernization-source@0.1.0 test:qa:api
> node --test tests/backend/api/*.test.mjs tests/backend/e2e/*.test.mjs

TAP version 13
# [qa-smoke] BLOCKED returns root API metadata: Set QA_API_BASE_URL or API_BASE_URL to run API smoke tests against a Nest backend.
# [qa-smoke] BLOCKED returns health status and keeps request ids visible: Set QA_API_BASE_URL or API_BASE_URL to run API smoke tests against a Nest backend.
# [qa-smoke] BLOCKED returns readiness without exposing configured secret values: Set QA_API_BASE_URL or API_BASE_URL to run API smoke tests against a Nest backend.
# Subtest: SGP API smoke
    # Subtest: returns root API metadata
    ok 1 - returns root API metadata # SKIP BLOCKED: Set QA_API_BASE_URL or API_BASE_URL to run API smoke tests against a Nest backend.
      ---
      duration_ms: 0.301417
      type: 'test'
      ...
    # Subtest: returns health status and keeps request ids visible
    ok 2 - returns health status and keeps request ids visible # SKIP BLOCKED: Set QA_API_BASE_URL or API_BASE_URL to run API smoke tests against a Nest backend.
      ---
      duration_ms: 0.047958
      type: 'test'
      ...
    # Subtest: returns readiness without exposing configured secret values
    ok 3 - returns readiness without exposing configured secret values # SKIP BLOCKED: Set QA_API_BASE_URL or API_BASE_URL to run API smoke tests against a Nest backend.
      ---
      duration_ms: 0.435042
      type: 'test'
      ...
    1..3
ok 1 - SGP API smoke
  ---
  duration_ms: 1.310791
  type: 'suite'
  ...
# [qa-smoke] BLOCKED 3 smoke test(s); skipped suites are not passing e2e evidence.
# [qa-smoke] BLOCKED uses the standard unauthorized error shape for protected endpoints: Set QA_API_BASE_URL or API_BASE_URL to run backend e2e tests. For unsigned QA tokens, start the backend with AUTH_ALLOW_UNSIGNED_TEST_TOKENS=true.
# [qa-smoke] BLOCKED maps Cognito groups to permissions for the current session: Set QA_API_BASE_URL or API_BASE_URL to run backend e2e tests. For unsigned QA tokens, start the backend with AUTH_ALLOW_UNSIGNED_TEST_TOKENS=true.
# [qa-smoke] BLOCKED rejects tokens that do not carry a tenant claim: Set QA_API_BASE_URL or API_BASE_URL to run backend e2e tests. For unsigned QA tokens, start the backend with AUTH_ALLOW_UNSIGNED_TEST_TOKENS=true.
# [qa-smoke] BLOCKED enforces permissions on protected domain resources: Set QA_API_BASE_URL or API_BASE_URL to run backend e2e tests. For unsigned QA tokens, start the backend with AUTH_ALLOW_UNSIGNED_TEST_TOKENS=true.
# [qa-smoke] BLOCKED returns representative paged data for an allowed domain read: Set QA_API_BASE_URL or API_BASE_URL to run backend e2e tests. For unsigned QA tokens, start the backend with AUTH_ALLOW_UNSIGNED_TEST_TOKENS=true.
# [qa-smoke] BLOCKED rejects invalid pagination input with validation details: Set QA_API_BASE_URL or API_BASE_URL to run backend e2e tests. For unsigned QA tokens, start the backend with AUTH_ALLOW_UNSIGNED_TEST_TOKENS=true.
# [qa-smoke] BLOCKED creates, updates, and deactivates a Gestao master-data record: Set QA_API_BASE_URL or API_BASE_URL to run backend e2e tests. For unsigned QA tokens, start the backend with AUTH_ALLOW_UNSIGNED_TEST_TOKENS=true.
# Subtest: SGP backend auth and domain e2e
    # Subtest: uses the standard unauthorized error shape for protected endpoints
    ok 1 - uses the standard unauthorized error shape for protected endpoints # SKIP BLOCKED: Set QA_API_BASE_URL or API_BASE_URL to run backend e2e tests. For unsigned QA tokens, start the backend with AUTH_ALLOW_UNSIGNED_TEST_TOKENS=true.
      ---
      duration_ms: 0.846292
      type: 'test'
      ...
    # Subtest: maps Cognito groups to permissions for the current session
    ok 2 - maps Cognito groups to permissions for the current session # SKIP BLOCKED: Set QA_API_BASE_URL or API_BASE_URL to run backend e2e tests. For unsigned QA tokens, start the backend with AUTH_ALLOW_UNSIGNED_TEST_TOKENS=true.
      ---
      duration_ms: 0.054833
      type: 'test'
      ...
    # Subtest: rejects tokens that do not carry a tenant claim
    ok 3 - rejects tokens that do not carry a tenant claim # SKIP BLOCKED: Set QA_API_BASE_URL or API_BASE_URL to run backend e2e tests. For unsigned QA tokens, start the backend with AUTH_ALLOW_UNSIGNED_TEST_TOKENS=true.
      ---
      duration_ms: 0.047333
      type: 'test'
      ...
    # Subtest: enforces permissions on protected domain resources
    ok 4 - enforces permissions on protected domain resources # SKIP BLOCKED: Set QA_API_BASE_URL or API_BASE_URL to run backend e2e tests. For unsigned QA tokens, start the backend with AUTH_ALLOW_UNSIGNED_TEST_TOKENS=true.
      ---
      duration_ms: 0.105625
      type: 'test'
      ...
    # Subtest: returns representative paged data for an allowed domain read
    ok 5 - returns representative paged data for an allowed domain read # SKIP BLOCKED: Set QA_API_BASE_URL or API_BASE_URL to run backend e2e tests. For unsigned QA tokens, start the backend with AUTH_ALLOW_UNSIGNED_TEST_TOKENS=true.
      ---
      duration_ms: 0.048208
      type: 'test'
      ...
    # Subtest: rejects invalid pagination input with validation details
    ok 6 - rejects invalid pagination input with validation details # SKIP BLOCKED: Set QA_API_BASE_URL or API_BASE_URL to run backend e2e tests. For unsigned QA tokens, start the backend with AUTH_ALLOW_UNSIGNED_TEST_TOKENS=true.
      ---
      duration_ms: 0.03925
      type: 'test'
      ...
    # Subtest: creates, updates, and deactivates a Gestao master-data record
    ok 7 - creates, updates, and deactivates a Gestao master-data record # SKIP BLOCKED: Set QA_API_BASE_URL or API_BASE_URL to run backend e2e tests. For unsigned QA tokens, start the backend with AUTH_ALLOW_UNSIGNED_TEST_TOKENS=true.
      ---
      duration_ms: 0.087
      type: 'test'
      ...
    1..7
ok 2 - SGP backend auth and domain e2e
  ---
  duration_ms: 1.802667
  type: 'suite'
  ...
# [qa-smoke] BLOCKED 7 smoke test(s); skipped suites are not passing e2e evidence.
1..2
# tests 10
# suites 2
# pass 0
# fail 0
# cancelled 0
# skipped 10
# todo 0
# duration_ms 50.575334

> sgp-modernization-source@0.1.0 test:qa:frontend
> node --test tests/frontend/e2e/*.test.mjs

TAP version 13
# [qa-smoke] BLOCKED serves the sgp-admin application shell: Set QA_ADMIN_FRONTEND_BASE_URL, QA_FRONTEND_BASE_URL, or FRONTEND_BASE_URL to run sgp-admin smoke tests.
# [qa-smoke] BLOCKED falls back to the sgp-admin shell for a modern routed module URL: Set QA_ADMIN_FRONTEND_BASE_URL, QA_FRONTEND_BASE_URL, or FRONTEND_BASE_URL to run sgp-admin smoke tests.
# [qa-smoke] BLOCKED serves the sgp-portal application shell: Set QA_PORTAL_FRONTEND_BASE_URL or PORTAL_FRONTEND_BASE_URL to run sgp-portal smoke tests.
# [qa-smoke] BLOCKED falls back to the sgp-portal shell for a documented portal route: Set QA_PORTAL_FRONTEND_BASE_URL or PORTAL_FRONTEND_BASE_URL to run sgp-portal smoke tests.
# Subtest: SGP Angular frontend e2e skeleton
    # Subtest: serves the sgp-admin application shell
    ok 1 - serves the sgp-admin application shell # SKIP BLOCKED: Set QA_ADMIN_FRONTEND_BASE_URL, QA_FRONTEND_BASE_URL, or FRONTEND_BASE_URL to run sgp-admin smoke tests.
      ---
      duration_ms: 0.315708
      type: 'test'
      ...
    # Subtest: falls back to the sgp-admin shell for a modern routed module URL
    ok 2 - falls back to the sgp-admin shell for a modern routed module URL # SKIP BLOCKED: Set QA_ADMIN_FRONTEND_BASE_URL, QA_FRONTEND_BASE_URL, or FRONTEND_BASE_URL to run sgp-admin smoke tests.
      ---
      duration_ms: 0.051208
      type: 'test'
      ...
    # Subtest: serves the sgp-portal application shell
    ok 3 - serves the sgp-portal application shell # SKIP BLOCKED: Set QA_PORTAL_FRONTEND_BASE_URL or PORTAL_FRONTEND_BASE_URL to run sgp-portal smoke tests.
      ---
      duration_ms: 0.041334
      type: 'test'
      ...
    # Subtest: falls back to the sgp-portal shell for a documented portal route
    ok 4 - falls back to the sgp-portal shell for a documented portal route # SKIP BLOCKED: Set QA_PORTAL_FRONTEND_BASE_URL or PORTAL_FRONTEND_BASE_URL to run sgp-portal smoke tests.
      ---
      duration_ms: 0.125041
      type: 'test'
      ...
    1..4
ok 1 - SGP Angular frontend e2e skeleton
  ---
  duration_ms: 1.461542
  type: 'suite'
  ...
# [qa-smoke] BLOCKED 4 smoke test(s); skipped suites are not passing e2e evidence.
1..1
# tests 4
# suites 1
# pass 0
# fail 0
# cancelled 0
# skipped 4
# todo 0
# duration_ms 44.7935
